{"level":"\u001b[32minfo\u001b[39m","message":"{\"method\":\"GET\",\"url\":\"/\",\"status\":\"200\",\"responseTime\":\"2.936\"}","timestamp":"2025-01-13T15:51:30.503Z"}
{"level":"\u001b[32minfo\u001b[39m","message":"{\"method\":\"GET\",\"url\":\"/\",\"status\":\"200\",\"responseTime\":\"0.467\"}","timestamp":"2025-01-13T15:52:03.496Z"}
{"level":"\u001b[32minfo\u001b[39m","message":"{\"method\":\"GET\",\"url\":\"/ice-tea\",\"status\":\"404\",\"responseTime\":\"2.214\"}","timestamp":"2025-01-13T15:52:54.853Z"}
{"level":"\u001b[32minfo\u001b[39m","message":"{\"method\":\"GET\",\"url\":\"/ice-tea\",\"status\":\"404\",\"responseTime\":\"0.511\"}","timestamp":"2025-01-13T15:53:55.960Z"}
{"level":"\u001b[32minfo\u001b[39m","message":"{\"method\":\"GET\",\"url\":\"/ice-tea\",\"status\":\"404\",\"responseTime\":\"0.454\"}","timestamp":"2025-01-13T15:54:40.455Z"}
{"level":"\u001b[33mwarn\u001b[39m","message":"Tea is very Hot ","timestamp":"2025-01-13T15:55:26.909Z"}
{"level":"\u001b[32minfo\u001b[39m","message":"{\"method\":\"GET\",\"url\":\"/ice-tea\",\"status\":\"201\",\"responseTime\":\"9.061\"}","timestamp":"2025-01-13T15:55:26.920Z"}
{"level":"\u001b[32minfo\u001b[39m","message":"{\"method\":\"GET\",\"url\":\"/\",\"status\":\"404\",\"responseTime\":\"2.236\"}","timestamp":"2025-01-13T16:06:00.510Z"}
{"level":"\u001b[32minfo\u001b[39m","message":"{\"method\":\"GET\",\"url\":\"/\",\"status\":\"404\",\"responseTime\":\"0.702\"}","timestamp":"2025-01-13T16:10:04.130Z"}
{"level":"\u001b[33mwarn\u001b[39m","message":"Https valid","timestamp":"2025-01-13T16:10:20.191Z"}
{"level":"\u001b[32minfo\u001b[39m","message":"{\"method\":\"GET\",\"url\":\"/\",\"status\":\"200\",\"responseTime\":\"7.079\"}","timestamp":"2025-01-13T16:10:20.201Z"}
{"level":"\u001b[32minfo\u001b[39m","message":"{\"method\":\"GET\",\"url\":\"/ice-tea\",\"status\":\"404\",\"responseTime\":\"1.807\"}","timestamp":"2025-01-13T16:10:47.376Z"}
{"level":"\u001b[32minfo\u001b[39m","message":"{\"method\":\"GET\",\"url\":\"/ice-tea\",\"status\":\"404\",\"responseTime\":\"0.494\"}","timestamp":"2025-01-13T16:10:59.370Z"}
{"level":"\u001b[33mwarn\u001b[39m","message":"Https valid","timestamp":"2025-01-13T16:11:35.091Z"}
{"level":"\u001b[32minfo\u001b[39m","message":"{\"method\":\"GET\",\"url\":\"/ice-tea\",\"status\":\"200\",\"responseTime\":\"7.790\"}","timestamp":"2025-01-13T16:11:35.103Z"}
{"level":"\u001b[33mwarn\u001b[39m","message":"Https valid","timestamp":"2025-01-13T16:11:40.086Z"}
{"level":"\u001b[32minfo\u001b[39m","message":"{\"method\":\"GET\",\"url\":\"/\",\"status\":\"200\",\"responseTime\":\"1.563\"}","timestamp":"2025-01-13T16:11:40.088Z"}
{"level":"\u001b[32minfo\u001b[39m","message":"{\"method\":\"POST\",\"url\":\"/api/v1/healthcheck\",\"status\":\"404\",\"responseTime\":\"2.959\"}","timestamp":"2025-01-18T16:28:12.578Z"}
{"level":"\u001b[32minfo\u001b[39m","message":"{\"method\":\"POST\",\"url\":\"/api/v1/register\",\"status\":\"404\",\"responseTime\":\"0.290\"}","timestamp":"2025-01-18T16:28:33.353Z"}
{"level":"\u001b[32minfo\u001b[39m","message":"{\"method\":\"POST\",\"url\":\"/api/v1/register%20\",\"status\":\"404\",\"responseTime\":\"0.330\"}","timestamp":"2025-01-18T16:28:59.820Z"}
{"level":"\u001b[32minfo\u001b[39m","message":"{\"method\":\"GET\",\"url\":\"/api/v1/users/logout\",\"status\":\"404\",\"responseTime\":\"1.404\"}","timestamp":"2025-01-25T05:09:34.722Z"}
{"level":"\u001b[32minfo\u001b[39m","message":"{\"method\":\"GET\",\"url\":\"/api/v1/users/login\",\"status\":\"404\",\"responseTime\":\"0.355\"}","timestamp":"2025-01-25T05:12:20.265Z"}
{"level":"\u001b[32minfo\u001b[39m","message":"{\"method\":\"GET\",\"url\":\"/api/v1/users/login\",\"status\":\"404\",\"responseTime\":\"0.306\"}","timestamp":"2025-01-25T05:14:21.780Z"}
{"level":"\u001b[32minfo\u001b[39m","message":"{\"method\":\"GET\",\"url\":\"/api/v1/users/changepassword\",\"status\":\"404\",\"responseTime\":\"0.953\"}","timestamp":"2025-01-25T06:46:42.428Z"}
{"level":"\u001b[32minfo\u001b[39m","message":"{\"method\":\"GET\",\"url\":\"/api/v1/users/logout\",\"status\":\"404\",\"responseTime\":\"2.403\"}","timestamp":"2025-01-25T06:56:34.596Z"}
